------------------------------------------------------------
TimeQuest Timing Analyzer Summary
------------------------------------------------------------

Type  : Slow 1200mV 85C Model Setup 'clk'
Slack : -19.830
TNS   : -681.513

Type  : Slow 1200mV 85C Model Setup 'sw[2]'
Slack : -9.086
TNS   : -12.213

Type  : Slow 1200mV 85C Model Setup 'Phase[0]'
Slack : -8.651
TNS   : -162.526

Type  : Slow 1200mV 85C Model Setup 'line_sensor[0]'
Slack : -6.206
TNS   : -21.030

Type  : Slow 1200mV 85C Model Hold 'line_sensor[0]'
Slack : -4.942
TNS   : -26.816

Type  : Slow 1200mV 85C Model Hold 'Phase[0]'
Slack : -1.652
TNS   : -30.255

Type  : Slow 1200mV 85C Model Hold 'sw[2]'
Slack : -1.547
TNS   : -2.815

Type  : Slow 1200mV 85C Model Hold 'clk'
Slack : 0.014
TNS   : 0.000

Type  : Slow 1200mV 85C Model Recovery 'Phase[0]'
Slack : 0.092
TNS   : 0.000

Type  : Slow 1200mV 85C Model Removal 'Phase[0]'
Slack : -1.772
TNS   : -36.898

Type  : Slow 1200mV 85C Model Minimum Pulse Width 'clk'
Slack : -3.000
TNS   : -124.000

Type  : Slow 1200mV 85C Model Minimum Pulse Width 'line_sensor[0]'
Slack : -3.000
TNS   : -38.318

Type  : Slow 1200mV 85C Model Minimum Pulse Width 'sw[2]'
Slack : -3.000
TNS   : -3.000

Type  : Slow 1200mV 85C Model Minimum Pulse Width 'Phase[0]'
Slack : -0.572
TNS   : -38.616

Type  : Slow 1200mV 0C Model Setup 'clk'
Slack : -17.559
TNS   : -595.622

Type  : Slow 1200mV 0C Model Setup 'sw[2]'
Slack : -7.921
TNS   : -10.708

Type  : Slow 1200mV 0C Model Setup 'Phase[0]'
Slack : -7.821
TNS   : -150.626

Type  : Slow 1200mV 0C Model Setup 'line_sensor[0]'
Slack : -5.500
TNS   : -18.538

Type  : Slow 1200mV 0C Model Hold 'line_sensor[0]'
Slack : -4.536
TNS   : -24.736

Type  : Slow 1200mV 0C Model Hold 'Phase[0]'
Slack : -1.452
TNS   : -25.246

Type  : Slow 1200mV 0C Model Hold 'sw[2]'
Slack : -1.395
TNS   : -2.567

Type  : Slow 1200mV 0C Model Hold 'clk'
Slack : -0.026
TNS   : -0.026

Type  : Slow 1200mV 0C Model Recovery 'Phase[0]'
Slack : 0.005
TNS   : 0.000

Type  : Slow 1200mV 0C Model Removal 'Phase[0]'
Slack : -1.388
TNS   : -27.999

Type  : Slow 1200mV 0C Model Minimum Pulse Width 'clk'
Slack : -3.000
TNS   : -124.000

Type  : Slow 1200mV 0C Model Minimum Pulse Width 'line_sensor[0]'
Slack : -3.000
TNS   : -31.241

Type  : Slow 1200mV 0C Model Minimum Pulse Width 'sw[2]'
Slack : -3.000
TNS   : -3.000

Type  : Slow 1200mV 0C Model Minimum Pulse Width 'Phase[0]'
Slack : -0.379
TNS   : -30.429

Type  : Fast 1200mV 0C Model Setup 'clk'
Slack : -10.642
TNS   : -339.124

Type  : Fast 1200mV 0C Model Setup 'Phase[0]'
Slack : -4.739
TNS   : -87.175

Type  : Fast 1200mV 0C Model Setup 'sw[2]'
Slack : -4.678
TNS   : -6.651

Type  : Fast 1200mV 0C Model Setup 'line_sensor[0]'
Slack : -3.071
TNS   : -10.442

Type  : Fast 1200mV 0C Model Hold 'line_sensor[0]'
Slack : -2.920
TNS   : -16.966

Type  : Fast 1200mV 0C Model Hold 'Phase[0]'
Slack : -1.025
TNS   : -17.912

Type  : Fast 1200mV 0C Model Hold 'sw[2]'
Slack : -0.884
TNS   : -1.556

Type  : Fast 1200mV 0C Model Hold 'clk'
Slack : -0.146
TNS   : -0.146

Type  : Fast 1200mV 0C Model Recovery 'Phase[0]'
Slack : 0.300
TNS   : 0.000

Type  : Fast 1200mV 0C Model Removal 'Phase[0]'
Slack : -0.922
TNS   : -18.876

Type  : Fast 1200mV 0C Model Minimum Pulse Width 'clk'
Slack : -3.000
TNS   : -130.884

Type  : Fast 1200mV 0C Model Minimum Pulse Width 'line_sensor[0]'
Slack : -3.000
TNS   : -26.216

Type  : Fast 1200mV 0C Model Minimum Pulse Width 'sw[2]'
Slack : -3.000
TNS   : -3.345

Type  : Fast 1200mV 0C Model Minimum Pulse Width 'Phase[0]'
Slack : -0.231
TNS   : -10.920

------------------------------------------------------------
